\BOOKMARK [0][]{chapter*.2}{\376\377\000L\000i\000s\000t\000a\000\040\000f\000i\000g\000u\000r\000i\000l\000o\000r}{}% 1
\BOOKMARK [0][]{chapter*.3}{\376\377\000L\000i\000s\000t\000a\000\040\000t\000a\000b\000e\000l\000e\000l\000o\000r}{}% 2
\BOOKMARK [0][]{chapter*.4}{\376\377\000L\000i\000s\000t\000a\000\040\000a\000c\000r\000o\000n\000i\000m\000e\000l\000o\000r}{}% 3
\BOOKMARK [0][]{chapter.1}{\376\377\000I\000n\000t\000r\000o\000d\000u\000c\000e\000r\000e}{}% 4
\BOOKMARK [0][]{chapter.2}{\376\377\000F\000u\000n\000d\000a\000m\000e\000n\000t\000e\000\040\000t\000e\000o\000r\000e\000t\000i\000c\000e}{}% 5
\BOOKMARK [1][]{section.2.1}{\376\377\000D\000i\000a\000b\000e\000t\000u\000l\000\040\000z\000a\000h\000a\000r\000a\000t\000\040\002\031\000i\000\040\000c\000o\000m\000p\000l\000i\000c\000a\002\033\000i\000i\000l\000e\000\040\000s\000a\000l\000e\000\040\000o\000c\000u\000l\000a\000r\000e}{chapter.2}% 6
\BOOKMARK [1][]{section.2.2}{\376\377\000A\000n\000a\000t\000o\000m\000i\000a\000\040\000o\000c\000h\000i\000u\000l\000u\000i\000\040\002\031\000i\000\040\000r\000e\000t\000i\000n\000a}{chapter.2}% 7
\BOOKMARK [1][]{section.2.3}{\376\377\000R\000e\000t\000i\000n\000o\000p\000a\000t\000i\000a\000\040\000d\000i\000a\000b\000e\000t\000i\000c\001\003\000\040\040\023\000\040\000d\000e\000f\000i\000n\000i\002\033\000i\000e\000,\000\040\000s\000t\000a\000d\000i\000i\000\040\000d\000e\000\040\000e\000v\000o\000l\000u\002\033\000i\000e\000\040\002\031\000i\000\040\000s\000i\000m\000p\000t\000o\000m\000e}{chapter.2}% 8
\BOOKMARK [1][]{section.2.4}{\376\377\000I\000m\000a\000g\000i\000s\000t\000i\000c\000a\000\040\000d\000e\000\040\000f\000u\000n\000d\000\040\000d\000e\000\040\000o\000c\000h\000i\000\040\000\050\000"\000f\000u\000n\000d\000u\000s\000\040\000p\000h\000o\000t\000o\000g\000r\000a\000p\000h\000y\000"\000\051}{chapter.2}% 9
\BOOKMARK [1][]{section.2.5}{\376\377\000D\000i\000a\000g\000n\000o\000s\000t\000i\000c\000u\000l\000\040\000c\000l\000i\000n\000i\000c\000\040\040\023\000\040\000p\000r\000o\000c\000e\000s\000u\000l\000\040\000a\000c\000t\000u\000a\000l\000\040\002\031\000i\000\040\000l\000i\000m\000i\000t\001\003\000r\000i\000l\000e\000\040\000s\000a\000l\000e}{chapter.2}% 10
\BOOKMARK [1][]{section.2.6}{\376\377\000\316\000n\000v\001\003\002\033\000a\000r\000e\000a\000\040\000a\000u\000t\000o\000m\000a\000t\001\003\000\040\002\031\000i\000\040\000\356\000n\000v\001\003\002\033\000a\000r\000e\000a\000\040\000p\000r\000o\000f\000u\000n\000d\001\003\000\040\000\356\000n\000\040\000a\000n\000a\000l\000i\000z\000a\000\040\000i\000m\000a\000g\000i\000n\000i\000l\000o\000r\000\040\000m\000e\000d\000i\000c\000a\000l\000e}{chapter.2}% 11
\BOOKMARK [1][]{section.2.7}{\376\377\000R\000e\002\033\000e\000l\000e\000\040\000n\000e\000u\000r\000o\000n\000a\000l\000e\000\040\000c\000o\000n\000v\000o\000l\000u\002\033\000i\000o\000n\000a\000l\000e}{chapter.2}% 12
\BOOKMARK [1][]{section.2.8}{\376\377\000T\000r\000a\000n\000s\000f\000e\000r\000\040\000l\000e\000a\000r\000n\000i\000n\000g\000\040\002\031\000i\000\040\000m\000o\000d\000e\000l\000e\000\040\000p\000r\000e\000-\000a\000n\000t\000r\000e\000n\000a\000t\000e}{chapter.2}% 13
\BOOKMARK [0][]{chapter.3}{\376\377\000S\000t\000a\000d\000i\000u\000l\000\040\000a\000c\000t\000u\000a\000l\000\040\000a\000l\000\040\000c\000e\000r\000c\000e\000t\001\003\000r\000i\000i}{}% 14
\BOOKMARK [1][]{section.3.1}{\376\377\000A\000n\000a\000l\000i\000z\000a\000\040\000s\000e\000t\000u\000r\000i\000l\000o\000r\000\040\000d\000e\000\040\000d\000a\000t\000e\000\040\000d\000i\000s\000p\000o\000n\000i\000b\000i\000l\000e}{chapter.3}% 15
\BOOKMARK [1][]{section.3.2}{\376\377\000M\000e\000t\000o\000d\000a\000\040\000b\000a\000z\000a\000t\001\003\000\040\000p\000e\000\040\000a\000r\000h\000i\000t\000e\000c\000t\000u\000r\000a\000\040\000I\000n\000c\000e\000p\000t\000i\000o\000n\000-\000V\0003\000\040\0003\000g\000u\000l\000s\000h\000a\000n\0002\0000\0001\0006\000d\000e\000v\000e\000l\000o\000p\000m\000e\000n\000t}{chapter.3}% 16
\BOOKMARK [1][]{section.3.3}{\376\377\040\034\000T\000r\000a\000n\000s\000f\000e\000r\000\040\000L\000e\000a\000r\000n\000i\000n\000g\040\035\000\040\000p\000e\000n\000t\000r\000u\000\040\000d\000i\000a\000g\000n\000o\000s\000t\000i\000c\000u\000l\000\040\000r\000e\000t\000i\000n\000o\000p\000a\000t\000i\000e\000i\000\040\000d\000i\000a\000b\000e\000t\000i\000c\000e\000\040\0001\0000\000j\000a\000b\000b\000a\000r\0002\0000\0002\0002\000t\000r\000a\000n\000s\000f\000e\000r}{chapter.3}% 17
\BOOKMARK [1][]{section.3.4}{\376\377\040\034\000M\000u\000l\000t\000i\000-\000t\000a\000s\000k\000\040\000L\000e\000a\000r\000n\000i\000n\000g\040\035\000\040\000p\000e\000n\000t\000r\000u\000\040\000g\000r\000a\000d\000a\000r\000e\000a\000\040\000r\000e\000t\000i\000n\000o\000p\000a\000t\000i\000e\000i\000\040\000d\000i\000a\000b\000e\000t\000i\000c\000e\000\040\0006\000w\000a\000n\000g\0002\0000\0002\0001\000d\000e\000e\000p}{chapter.3}% 18
\BOOKMARK [1][]{section.3.5}{\376\377\000A\000n\000a\000l\000i\000z\000a\000\040\000a\000r\000h\000i\000t\000e\000c\000t\000u\000r\000i\000i\000\040\040\034\000M\000o\000d\000i\000f\000i\000e\000d\000\040\000U\000-\000N\000e\000t\040\035\000\040\000p\000e\000n\000t\000r\000u\000\040\000s\000e\000g\000m\000e\000n\000t\000a\000r\000e\000a\000\040\000s\000e\000m\000a\000n\000t\000i\000c\001\003\000\040\0001\0002\000s\000a\000m\000b\000y\000a\000l\0002\0000\0002\0000\000m\000o\000d\000i\000f\000i\000e\000d}{chapter.3}% 19
\BOOKMARK [1][]{section.3.6}{\376\377\000T\000r\000a\000n\000z\000i\002\033\000i\000a\000\040\000c\001\003\000t\000r\000e\000\040\000a\000r\000h\000i\000t\000e\000c\000t\000u\000r\000i\000\040\000g\000l\000o\000b\000a\000l\000e\000:\000\040\000R\000T\000N\000e\000t\000\040\000\050\000R\000e\000l\000a\000t\000i\000o\000n\000\040\000T\000r\000a\000n\000s\000f\000o\000r\000m\000e\000r\000\040\000N\000e\000t\000w\000o\000r\000k\000\051\000\040\0007\000h\000u\000a\000n\000g\0002\0000\0002\0002\000r\000t\000n\000e\000t}{chapter.3}% 20
\BOOKMARK [1][]{section.3.7}{\376\377\000A\000r\000h\000i\000t\000e\000c\000t\000u\000r\000a\000\040\040\034\000D\000u\000a\000l\000\040\000B\000r\000a\000n\000c\000h\040\035\000\040\0001\0001\000s\000h\000a\000k\000i\000b\000a\000n\000i\000a\0002\0000\0002\0004\000d\000u\000a\000l}{chapter.3}% 21
\BOOKMARK [1][]{section.3.8}{\376\377\000A\000b\000o\000r\000d\000a\000r\000e\000a\000\040\040\034\000E\000x\000p\000l\000a\000i\000n\000a\000b\000l\000e\000\040\000A\000I\040\035\000\040\0009\000c\000h\000e\000t\000o\000u\000i\0002\0000\0002\0000\000e\000x\000p\000l\000a\000i\000n\000a\000b\000l\000e}{chapter.3}% 22
\BOOKMARK [1][]{section.3.9}{\376\377\000G\000e\000n\000e\000r\000a\000l\000i\000z\000a\000r\000e\000a\000\040\000\356\000n\000\040\000s\000c\000e\000n\000a\000r\000i\000i\000\040\000r\000e\000a\000l\000e\000:\000\040\040\034\000M\000u\000l\000t\000i\000-\000M\000o\000d\000e\000l\000\040\000D\000o\000m\000a\000i\000n\000\040\000A\000d\000a\000p\000t\000a\000t\000i\000o\000n\040\035\000\040\0008\000z\000h\000a\000n\000g\0002\0000\0002\0002\000m\000u\000l\000t\000i}{chapter.3}% 23
\BOOKMARK [1][]{section.3.10}{\376\377\000C\000o\000n\000c\000l\000u\000z\000i\000i}{chapter.3}% 24
\BOOKMARK [0][]{chapter.4}{\376\377\000S\000e\000t\000u\000l\000\040\000d\000e\000\040\000d\000a\000t\000e\000\040\002\031\000i\000\040\000p\000r\000e\000p\000r\000o\000c\000e\000s\000a\000r\000e\000a\000\040\000i\000m\000a\000g\000i\000n\000i\000l\000o\000r}{}% 25
\BOOKMARK [1][]{section.4.1}{\376\377\000D\000e\000s\000c\000r\000i\000e\000r\000e\000a\000\040\000s\000e\000t\000u\000l\000u\000i\000\040\000d\000e\000\040\000d\000a\000t\000e\000\040\000u\000t\000i\000l\000i\000z\000a\000t}{chapter.4}% 26
\BOOKMARK [1][]{section.4.2}{\376\377\000D\000i\000s\000t\000r\000i\000b\000u\002\033\000i\000a\000\040\000c\000l\000a\000s\000e\000l\000o\000r}{chapter.4}% 27
\BOOKMARK [1][]{section.4.3}{\376\377\000P\000r\000o\000b\000l\000e\000m\000e\000\040\000s\000p\000e\000c\000i\000f\000i\000c\000e\000\040\000i\000m\000a\000g\000i\000n\000i\000l\000o\000r\000\040\000m\000e\000d\000i\000c\000a\000l\000e}{chapter.4}% 28
\BOOKMARK [1][]{section.4.4}{\376\377\000E\000t\000a\000p\000e\000l\000e\000\040\000d\000e\000\040\000p\000r\000e\000p\000r\000o\000c\000e\000s\000a\000r\000e}{chapter.4}% 29
\BOOKMARK [1][]{section.4.5}{\376\377\000A\000u\000g\000m\000e\000n\000t\000a\000r\000e\000a\000\040\000d\000a\000t\000e\000l\000o\000r}{chapter.4}% 30
\BOOKMARK [1][]{section.4.6}{\376\377\000\316\000m\000p\001\003\000r\002\033\000i\000r\000e\000a\000\040\000d\000a\000t\000e\000l\000o\000r\000\040\000\356\000n\000\040\000s\000e\000t\000u\000r\000i\000\040\000d\000e\000\040\000a\000n\000t\000r\000e\000n\000a\000r\000e\000,\000\040\000v\000a\000l\000i\000d\000a\000r\000e\000\040\002\031\000i\000\040\000t\000e\000s\000t\000a\000r\000e}{chapter.4}% 31
\BOOKMARK [0][]{chapter.5}{\376\377\000M\000e\000t\000o\000d\000o\000l\000o\000g\000i\000a\000\040\000p\000r\000o\000p\000u\000s\001\003}{}% 32
\BOOKMARK [1][]{section.5.1}{\376\377\000F\000l\000u\000x\000u\000l\000\040\000g\000e\000n\000e\000r\000a\000l\000\040\000a\000l\000\040\000s\000i\000s\000t\000e\000m\000u\000l\000u\000i}{chapter.5}% 33
\BOOKMARK [1][]{section.5.2}{\376\377\000M\000o\000d\000e\000l\000e\000l\000e\000\040\000a\000n\000a\000l\000i\000z\000a\000t\000e}{chapter.5}% 34
\BOOKMARK [1][]{section.5.3}{\376\377\000A\000r\000h\000i\000t\000e\000c\000t\000u\000r\000a\000\040\000R\000e\000s\000N\000e\000t\0005\0000}{chapter.5}% 35
\BOOKMARK [1][]{section.5.4}{\376\377\000A\000r\000h\000i\000t\000e\000c\000t\000u\000r\000a\000\040\000I\000n\000c\000e\000p\000t\000i\000o\000n\000V\0003}{chapter.5}% 36
\BOOKMARK [1][]{section.5.5}{\376\377\000A\000r\000h\000i\000t\000e\000c\000t\000u\000r\000a\000\040\000I\000n\000c\000e\000p\000t\000i\000o\000n\000-\000R\000e\000s\000N\000e\000t\000-\000V\0002}{chapter.5}% 37
\BOOKMARK [1][]{section.5.6}{\376\377\000F\000u\000n\000c\002\033\000i\000i\000\040\000d\000e\000\040\000p\000i\000e\000r\000d\000e\000r\000e\000\040\000u\000t\000i\000l\000i\000z\000a\000t\000e}{chapter.5}% 38
\BOOKMARK [1][]{section.5.7}{\376\377\000O\000p\000t\000i\000m\000i\000z\000a\000t\000o\000r\000u\000l\000\040\002\031\000i\000\040\000h\000i\000p\000e\000r\000p\000a\000r\000a\000m\000e\000t\000r\000i\000i\000\040\000d\000e\000\040\000a\000n\000t\000r\000e\000n\000a\000r\000e}{chapter.5}% 39
\BOOKMARK [1][]{section.5.8}{\376\377\000S\000t\000r\000a\000t\000e\000g\000i\000a\000\040\000d\000e\000\040\000e\000v\000a\000l\000u\000a\000r\000e}{chapter.5}% 40
\BOOKMARK [1][]{section.5.9}{\376\377\000I\000m\000p\000l\000e\000m\000e\000n\000t\000a\000r\000e\000a\000\040\000p\000r\000o\000c\000e\000s\000u\000l\000u\000i\000\040\000d\000e\000\040\000a\000n\000t\000r\000e\000n\000a\000r\000e}{chapter.5}% 41
\BOOKMARK [0][]{chapter.6}{\376\377\000R\000e\000z\000u\000l\000t\000a\000t\000e\000\040\000e\000x\000p\000e\000r\000i\000m\000e\000n\000t\000a\000l\000e}{}% 42
\BOOKMARK [1][]{section.6.1}{\376\377\000C\000o\000n\000f\000i\000g\000u\000r\000a\002\033\000i\000a\000\040\000e\000x\000p\000e\000r\000i\000m\000e\000n\000t\000a\000l\001\003}{chapter.6}% 43
\BOOKMARK [1][]{section.6.2}{\376\377\000E\000v\000o\000l\000u\002\033\000i\000a\000\040\000f\000u\000n\000c\002\033\000i\000e\000i\000\040\000d\000e\000\040\000p\000i\000e\000r\000d\000e\000r\000e}{chapter.6}% 44
\BOOKMARK [1][]{section.6.3}{\376\377\000E\000v\000o\000l\000u\002\033\000i\000a\000\040\000a\000c\000u\000r\000a\000t\000e\002\033\000i\000i\000\040\000p\000e\000\040\000s\000e\000t\000u\000l\000\040\000d\000e\000\040\000v\000a\000l\000i\000d\000a\000r\000e}{chapter.6}% 45
\BOOKMARK [1][]{section.6.4}{\376\377\000A\000n\000a\000l\000i\000z\000a\000\040\000s\000c\000o\000r\000u\000l\000u\000i\000\040\000A\000U\000C}{chapter.6}% 46
\BOOKMARK [1][]{section.6.5}{\376\377\000A\000n\000a\000l\000i\000z\000a\000\040\000c\000u\000r\000b\000e\000l\000o\000r\000\040\000R\000O\000C\000\040\000m\000u\000l\000t\000i\000c\000l\000a\000s\001\003}{chapter.6}% 47
\BOOKMARK [1][]{section.6.6}{\376\377\000A\000n\000a\000l\000i\000z\000a\000\040\000m\000a\000t\000r\000i\000c\000e\000l\000o\000r\000\040\000d\000e\000\040\000c\000o\000n\000f\000u\000z\000i\000e}{chapter.6}% 48
\BOOKMARK [1][]{section.6.7}{\376\377\000C\000o\000m\000p\000a\000r\000a\002\033\000i\000e\000\040\000\356\000n\000t\000r\000e\000\040\000m\000o\000d\000e\000l\000e\000l\000e\000\040\000t\000e\000s\000t\000a\000t\000e}{chapter.6}% 49
\BOOKMARK [1][]{section.6.8}{\376\377\000I\000n\000t\000e\000r\000p\000r\000e\000t\000a\000r\000e\000a\000\040\000e\000r\000o\000r\000i\000l\000o\000r\000\040\000d\000e\000\040\000c\000l\000a\000s\000i\000f\000i\000c\000a\000r\000e}{chapter.6}% 50
\BOOKMARK [0][]{chapter.7}{\376\377\000A\000p\000l\000i\000c\000a\002\033\000i\000a\000\040\000d\000e\000\040\000i\000n\000f\000e\000r\000e\000n\002\033\001\003}{}% 51
\BOOKMARK [1][]{section.7.1}{\376\377\000S\000c\000o\000p\000u\000l\000\040\000a\000p\000l\000i\000c\000a\002\033\000i\000e\000i\000\040\000d\000e\000z\000v\000o\000l\000t\000a\000t\000e}{chapter.7}% 52
\BOOKMARK [1][]{section.7.2}{\376\377\000A\000r\000h\000i\000t\000e\000c\000t\000u\000r\000a\000\040\000a\000p\000l\000i\000c\000a\002\033\000i\000e\000i}{chapter.7}% 53
\BOOKMARK [1][]{section.7.3}{\376\377\000C\000o\000m\000p\000o\000n\000e\000n\000t\000a\000\040\000b\000a\000c\000k\000e\000n\000d}{chapter.7}% 54
\BOOKMARK [1][]{section.7.4}{\376\377\000C\000o\000m\000p\000o\000n\000e\000n\000t\000a\000\040\000f\000r\000o\000n\000t\000e\000n\000d}{chapter.7}% 55
\BOOKMARK [1][]{section.7.5}{\376\377\000F\000l\000u\000x\000u\000l\000\040\000d\000e\000\040\000u\000t\000i\000l\000i\000z\000a\000r\000e}{chapter.7}% 56
\BOOKMARK [1][]{section.7.6}{\376\377\000I\000n\000t\000e\000g\000r\000a\000r\000e\000a\000\040\000m\000o\000d\000e\000l\000u\000l\000u\000i\000\040\000a\000n\000t\000r\000e\000n\000a\000t}{chapter.7}% 57
\BOOKMARK [1][]{section.7.7}{\376\377\000L\000i\000m\000i\000t\001\003\000r\000i\000\040\000p\000r\000a\000c\000t\000i\000c\000e\000\040\000a\000l\000e\000\040\000a\000p\000l\000i\000c\000a\002\033\000i\000e\000i}{chapter.7}% 58
\BOOKMARK [0][]{chapter.8}{\376\377\000C\000o\000n\000c\000l\000u\000z\000i\000i\000\040\002\031\000i\000\040\000d\000i\000r\000e\000c\002\033\000i\000i\000\040\000v\000i\000i\000t\000o\000a\000r\000e}{}% 59
\BOOKMARK [1][]{section.8.1}{\376\377\000C\000o\000n\000c\000l\000u\000z\000i\000i\000\040\000g\000e\000n\000e\000r\000a\000l\000e}{chapter.8}% 60
\BOOKMARK [1][]{section.8.2}{\376\377\000R\000e\000z\000u\000l\000t\000a\000t\000e\000l\000e\000\040\000o\000b\002\033\000i\000n\000u\000t\000e\000\040\000f\000a\002\033\001\003\000\040\000d\000e\000\040\000o\000b\000i\000e\000c\000t\000i\000v\000e\000l\000e\000\040\000i\000n\000i\002\033\000i\000a\000l\000e}{chapter.8}% 61
\BOOKMARK [1][]{section.8.3}{\376\377\000L\000i\000m\000i\000t\001\003\000r\000i\000l\000e\000\040\000l\000u\000c\000r\001\003\000r\000i\000i}{chapter.8}% 62
\BOOKMARK [1][]{section.8.4}{\376\377\000D\000i\000r\000e\000c\002\033\000i\000i\000\040\000v\000i\000i\000t\000o\000a\000r\000e}{chapter.8}% 63
\BOOKMARK [0][]{appendix*.19}{\376\377\000B\000i\000b\000l\000i\000o\000g\000r\000a\000f\000i\000e}{}% 64
\BOOKMARK [0][]{appendix.A}{\376\377\000A\000n\000e\000x\000a\000\040\000A\000.\000\040\000C\000o\000d}{}% 65
